// Jest Snapshot v1, https://goo.gl/fbAQLP

exports[`renders learn react link 1`] = `
Object {
  "asFragment": [Function],
  "baseElement": <body>
    <div>
      <div
        class="App"
      >
        <input
          aria-label=""
          type="text"
        />
        <select>
          <option
            value="fashion"
          >
            fashion
          </option>
          <option
            value="nature"
          >
            nature
          </option>
          <option
            value="backgrounds"
          >
            backgrounds
          </option>
          <option
            value="science"
          >
            science
          </option>
          <option
            value="education"
          >
            education
          </option>
          <option
            value="people"
          >
            people
          </option>
          <option
            value="feelings"
          >
            feelings
          </option>
          <option
            value="religion"
          >
            religion
          </option>
          <option
            value="health"
          >
            health
          </option>
          <option
            value="places"
          >
            places
          </option>
          <option
            value="animals"
          >
            animals
          </option>
          <option
            value="industry"
          >
            industry
          </option>
          <option
            value="food"
          >
            food
          </option>
          <option
            value="computer"
          >
            computer
          </option>
          <option
            value="sports"
          >
            sports
          </option>
          <option
            value="ansportation"
          >
            ansportation
          </option>
          <option
            value="travel"
          >
            travel
          </option>
          <option
            value="buildings"
          >
            buildings
          </option>
          <option
            value="business"
          >
            business
          </option>
          <option
            value="music"
          >
            music
          </option>
        </select>
      </div>
    </div>
  </body>,
  "container": <div>
    <div
      class="App"
    >
      <input
        aria-label=""
        type="text"
      />
      <select>
        <option
          value="fashion"
        >
          fashion
        </option>
        <option
          value="nature"
        >
          nature
        </option>
        <option
          value="backgrounds"
        >
          backgrounds
        </option>
        <option
          value="science"
        >
          science
        </option>
        <option
          value="education"
        >
          education
        </option>
        <option
          value="people"
        >
          people
        </option>
        <option
          value="feelings"
        >
          feelings
        </option>
        <option
          value="religion"
        >
          religion
        </option>
        <option
          value="health"
        >
          health
        </option>
        <option
          value="places"
        >
          places
        </option>
        <option
          value="animals"
        >
          animals
        </option>
        <option
          value="industry"
        >
          industry
        </option>
        <option
          value="food"
        >
          food
        </option>
        <option
          value="computer"
        >
          computer
        </option>
        <option
          value="sports"
        >
          sports
        </option>
        <option
          value="ansportation"
        >
          ansportation
        </option>
        <option
          value="travel"
        >
          travel
        </option>
        <option
          value="buildings"
        >
          buildings
        </option>
        <option
          value="business"
        >
          business
        </option>
        <option
          value="music"
        >
          music
        </option>
      </select>
    </div>
  </div>,
  "debug": [Function],
  "findAllByAltText": [Function],
  "findAllByDisplayValue": [Function],
  "findAllByLabelText": [Function],
  "findAllByPlaceholderText": [Function],
  "findAllByRole": [Function],
  "findAllByTestId": [Function],
  "findAllByText": [Function],
  "findAllByTitle": [Function],
  "findByAltText": [Function],
  "findByDisplayValue": [Function],
  "findByLabelText": [Function],
  "findByPlaceholderText": [Function],
  "findByRole": [Function],
  "findByTestId": [Function],
  "findByText": [Function],
  "findByTitle": [Function],
  "getAllByAltText": [Function],
  "getAllByDisplayValue": [Function],
  "getAllByLabelText": [Function],
  "getAllByPlaceholderText": [Function],
  "getAllByRole": [Function],
  "getAllByTestId": [Function],
  "getAllByText": [Function],
  "getAllByTitle": [Function],
  "getByAltText": [Function],
  "getByDisplayValue": [Function],
  "getByLabelText": [Function],
  "getByPlaceholderText": [Function],
  "getByRole": [Function],
  "getByTestId": [Function],
  "getByText": [Function],
  "getByTitle": [Function],
  "queryAllByAltText": [Function],
  "queryAllByDisplayValue": [Function],
  "queryAllByLabelText": [Function],
  "queryAllByPlaceholderText": [Function],
  "queryAllByRole": [Function],
  "queryAllByTestId": [Function],
  "queryAllByText": [Function],
  "queryAllByTitle": [Function],
  "queryByAltText": [Function],
  "queryByDisplayValue": [Function],
  "queryByLabelText": [Function],
  "queryByPlaceholderText": [Function],
  "queryByRole": [Function],
  "queryByTestId": [Function],
  "queryByText": [Function],
  "queryByTitle": [Function],
  "rerender": [Function],
  "unmount": [Function],
}
`;
